// Jest Snapshot v1, https://goo.gl/fbAQLP

exports[`webpack inserts name and outputs JavaScript 1`] = `
"import React from 'react';
import styled, { set, create, css, use, map, __css__ } from \\"@reshadow/core\\";
const styled_c8 = create([(require('/.cache/reshadow/1409998408_1.css'), {
  \\"__button\\": \`___button_1m9qx_1\`,
  \\"_disabled\\": \`__disabled_1m9qx_1\`
})]);

const App = ({
  disabled,
  type,
  color = 'grey'
}) => styled((set([styled_c8], {
  \\"--c8_0\\": color
}), React.createElement(\\"button\\", map(\\"button\\", {
  type: type,
  disabled: disabled,
  $$style: styled.$$style
}, use({
  theme: \\"normal\\"
})), React.createElement(\\"div\\", {
  className: styled.styles[\\"__control\\"]
}, \\"click\\"))));

export default App;"
`;

exports[`webpack inserts name and outputs JavaScript 2`] = `
".___button_1m9qx_1.__disabled_1m9qx_1 {
    color: var(--c8_0);
    content: \\"'\\";
}"
`;
